sequences listed: 455 | dated 20260101 or later: 29
frames to fetch: 224
  download failed for 20260128_Fire_wilson-s-mobo-c/1769639756_+00298.jpg: cannot identify image file <_io.BytesIO object at 0x000001DEF92C1C10>
  download failed for 20260128_Fire_wilson-s-mobo-c/1769640956_+01498.jpg: cannot identify image file <_io.BytesIO object at 0x000001DEF976EFC0>
  download failed for 20260319_CrosleyFire_hp-w-mobo-c/1773946413_+01495.jpg: cannot identify image file <_io.BytesIO object at 0x000001DEF976ED40>
  download failed for 20260319_CrosleyFire_hp-w-mobo-c/1773947314_+02396.jpg: cannot identify image file <_io.BytesIO object at 0x000001DEF976F060>
  download failed for 20260128_Fire_wilson-s-mobo-c/1769641856_+02398.jpg: cannot identify image file <_io.BytesIO object at 0x000001DEF976EE80>
  download failed for 20260319_CrosleyFire_hp-w-mobo-c/1773945214_+00296.jpg: cannot identify image file <_io.BytesIO object at 0x000001DEF976EC00>
  download failed for 20260128_Fire_wilson-s-mobo-c/1769640356_+00898.jpg: cannot identify image file <_io.BytesIO object at 0x000001DEF976EDE0>
  download failed for 20260319_CrosleyFire_hp-w-mobo-c/1773945814_+00896.jpg: cannot identify image file <_io.BytesIO object at 0x000001DEF976EF20>
  download failed for 20260319_CrosleyFire_mpo-w-mobo-c/1773945234_+00301.jpg: cannot identify image file <_io.BytesIO object at 0x000001DEF989B740>
  download failed for 20260319_CrosleyFire_mpo-w-mobo-c/1773945834_+00901.jpg: cannot identify image file <_io.BytesIO object at 0x000001DEF9301850>
  download failed for 20260408_RainbowFir_rm-e-mobo-c/1775674326_+00900.jpg: cannot identify image file <_io.BytesIO object at 0x000001DEF93006D0>
  download failed for 20260319_CrosleyFire_mpo-w-mobo-c/1773947274_+02341.jpg: cannot identify image file <_io.BytesIO object at 0x000001DEF9301A30>
  download failed for 20260408_RainbowFir_rm-e-mobo-c/1775675826_+02400.jpg: cannot identify image file <_io.BytesIO object at 0x000001DEF93013F0>
  download failed for 20260408_RainbowFir_rm-e-mobo-c/1775673726_+00300.jpg: cannot identify image file <_io.BytesIO object at 0x000001DEF93013F0>
  download failed for 20260319_CrosleyFire_mpo-w-mobo-c/1773946433_+01500.jpg: cannot identify image file <_io.BytesIO object at 0x000001DEF9301990>
  download failed for 20260408_RainbowFir_rm-e-mobo-c/1775674925_+01499.jpg: cannot identify image file <_io.BytesIO object at 0x000001DEF93029D0>
  download failed for 20260428_LiveOakFire_rm-s-mobo-c/1777418347_+00299.jpg: cannot identify image file <_io.BytesIO object at 0x000001DEF9303470>
  download failed for 20260428_LiveOakFire_rm-s-mobo-c/1777420446_+02398.jpg: cannot identify image file <_io.BytesIO object at 0x000001DEF9303650>
  download failed for 20260428_LiveOakFire_rm-s-mobo-c/1777418947_+00899.jpg: cannot identify image file <_io.BytesIO object at 0x000001DEF9303470>
  download failed for 20260502_MissionFire_rm-e-mobo-c/1777747205_+00299.jpg: cannot identify image file <_io.BytesIO object at 0x000001DEF57BEE80>
  download failed for 20260502_MissionFire_rm-e-mobo-c/1777747806_+00900.jpg: cannot identify image file <_io.BytesIO object at 0x000001DEF9301760>
  download failed for 20260428_LiveOakFire_rm-s-mobo-c/1777419547_+01499.jpg: cannot identify image file <_io.BytesIO object at 0x000001DEF9301850>
  download failed for 20260502_MissionFire_rm-e-mobo-c/1777748405_+01499.jpg: cannot identify image file <_io.BytesIO object at 0x000001DEF93047C0>
  download failed for 20260502_MissionFire_rm-e-mobo-c/1777749306_+02400.jpg: cannot identify image file <_io.BytesIO object at 0x000001DEF93044A0>
  download failed for 20260502_MissionFire_rm-s-mobo-c/1777747567_+00901.jpg: cannot identify image file <_io.BytesIO object at 0x000001DEF93052B0>
  download failed for 20260502_MissionFire_rm-s-mobo-c/1777749008_+02342.jpg: cannot identify image file <_io.BytesIO object at 0x000001DEF9304C20>
  download failed for 20260502_MissionFire_rm-s-mobo-c/1777746967_+00301.jpg: cannot identify image file <_io.BytesIO object at 0x000001DEF93050D0>
  download failed for 20260502_MissionFire_rm-s-mobo-c/1777748167_+01501.jpg: cannot identify image file <_io.BytesIO object at 0x000001DEF9305670>
  download failed for 20260519_TusilFire_mlo-s-mobo-c/1779221388_+00900.jpg: cannot identify image file <_io.BytesIO object at 0x000001DEF93061B0>
  download failed for 20260519_TusilFire_mlo-s-mobo-c/1779220788_+00300.jpg: cannot identify image file <_io.BytesIO object at 0x000001DEF9305B20>
  download failed for 20260519_TusilFire_mlo-s-mobo-c/1779221988_+01500.jpg: cannot identify image file <_io.BytesIO object at 0x000001DEF9306570>
  download failed for 20260519_TusilFire_mlo-s-mobo-c/1779222888_+02400.jpg: cannot identify image file <_io.BytesIO object at 0x000001DEF9306750>
  download failed for 20260618_MissionFire_rm-s-mobo-c/1781813527_+00301.jpg: cannot identify image file <_io.BytesIO object at 0x000001DEF93070B0>
  download failed for 20260618_MissionFire_rm-s-mobo-c/1781814127_+00901.jpg: cannot identify image file <_io.BytesIO object at 0x000001DEF9307290>
  download failed for 20260618_MissionFire_rm-s-mobo-c/1781814727_+01501.jpg: cannot identify image file <_io.BytesIO object at 0x000001DEF9307470>
  download failed for 20260622_BernardoFire_wc-w-mobo-c/1782169315_+02400.jpg: cannot identify image file <_io.BytesIO object at 0x000001DEF9307650>
  download failed for 20260618_MissionFire_rm-s-mobo-c/1781815567_+02341.jpg: cannot identify image file <_io.BytesIO object at 0x000001DEF9307470>
  download failed for 20260622_BernardoFire_wc-w-mobo-c/1782167215_+00300.jpg: cannot identify image file <_io.BytesIO object at 0x000001DEF9307FB0>
  download failed for 20260622_BernardoFire_wc-w-mobo-c/1782167814_+00899.jpg: cannot identify image file <_io.BytesIO object at 0x000001DEF9310130>
  download failed for 20260622_BernardoFire_wc-w-mobo-c/1782168415_+01500.jpg: cannot identify image file <_io.BytesIO object at 0x000001DEF9310360>
  download failed for 20260629_JunctionFire_bm-e-mobo-c/1782778514_+00300.jpg: cannot identify image file <_io.BytesIO object at 0x000001DEF9310EF0>
  download failed for 20260629_JunctionFire_bm-e-mobo-c/1782779114_+00900.jpg: cannot identify image file <_io.BytesIO object at 0x000001DEF93110D0>
  download failed for 20260629_JunctionFire_bm-e-mobo-c/1782779714_+01500.jpg: cannot identify image file <_io.BytesIO object at 0x000001DEF93112B0>
  download failed for 20260629_JunctionFire_bm-e-mobo-c/1782780614_+02400.jpg: cannot identify image file <_io.BytesIO object at 0x000001DEF9311490>
  download failed for 20260629_JunctionFire_hp-e-mobo-c/1782778589_+00297.jpg: cannot identify image file <_io.BytesIO object at 0x000001DEF9311DF0>
  download failed for 20260629_JunctionFire_hp-e-mobo-c/1782779789_+01497.jpg: cannot identify image file <_io.BytesIO object at 0x000001DEF9312020>
  download failed for 20260629_JunctionFire_hp-e-mobo-c/1782779189_+00897.jpg: cannot identify image file <_io.BytesIO object at 0x000001DEF9311DF0>
  download failed for 20260629_JunctionFire_hp-e-mobo-c/1782780689_+02397.jpg: cannot identify image file <_io.BytesIO object at 0x000001DEF9312390>
  download failed for 20260629_JunctionFire_hp-s-mobo-c/1782778590_+00298.jpg: cannot identify image file <_io.BytesIO object at 0x000001DEF9312CF0>
  download failed for 20260629_JunctionFire_hp-s-mobo-c/1782779190_+00898.jpg: cannot identify image file <_io.BytesIO object at 0x000001DEF9312ED0>
  download failed for 20260629_JunctionFire_hp-s-mobo-c/1782779790_+01498.jpg: cannot identify image file <_io.BytesIO object at 0x000001DEF93130B0>
  download failed for 20260629_JunctionFire_hp-s-mobo-c/1782780691_+02399.jpg: cannot identify image file <_io.BytesIO object at 0x000001DEF9313290>
  download failed for 20260629_JunctionFire_mg-e-mobo-c/1782779504_+00920.jpg: cannot identify image file <_io.BytesIO object at 0x000001DEF9313BF0>
  download failed for 20260629_JunctionFire_mg-e-mobo-c/1782778902_+00318.jpg: cannot identify image file <_io.BytesIO object at 0x000001DEF57BEE80>
  download failed for 20260629_JunctionFire_mg-e-mobo-c/1782780102_+01518.jpg: cannot identify image file <_io.BytesIO object at 0x000001DEF9313B00>
  download failed for 20260629_JunctionFire_mg-e-mobo-c/1782780942_+02358.jpg: cannot identify image file <_io.BytesIO object at 0x000001DEF9318130>
  download failed for 20260629_JunctionFire_vo-n-mobo-c/1782778371_+00301.jpg: cannot identify image file <_io.BytesIO object at 0x000001DEF9318B30>
  download failed for 20260629_JunctionFire_vo-n-mobo-c/1782778971_+00901.jpg: cannot identify image file <_io.BytesIO object at 0x000001DEF9318D10>
  download failed for 20260629_JunctionFire_vo-n-mobo-c/1782780470_+02400.jpg: cannot identify image file <_io.BytesIO object at 0x000001DEF9318EF0>
  download failed for 20260629_JunctionFire_vo-n-mobo-c/1782779573_+01503.jpg: cannot identify image file <_io.BytesIO object at 0x000001DEF9318D10>
  download failed for 20260629_JunctionFire_vo-w-mobo-c/1782778372_+00302.jpg: cannot identify image file <_io.BytesIO object at 0x000001DEF9319A30>
  download failed for 20260715_ThornFire_ws-n-mobo-c/1784155201_+00299.jpg: cannot identify image file <_io.BytesIO object at 0x000001DEF9319C10>
  download failed for 20260629_JunctionFire_vo-w-mobo-c/1782778972_+00902.jpg: cannot identify image file <_io.BytesIO object at 0x000001DEF93199E0>
  download failed for 20260629_JunctionFire_vo-w-mobo-c/1782779574_+01504.jpg: cannot identify image file <_io.BytesIO object at 0x000001DEF9319DF0>
  download failed for 20260715_ThornFire_ws-n-mobo-c/1784156400_+01498.jpg: cannot identify image file <_io.BytesIO object at 0x000001DEF9319FD0>
  download failed for 20260629_JunctionFire_vo-w-mobo-c/1782780412_+02342.jpg: cannot identify image file <_io.BytesIO object at 0x000001DEF9319DF0>
  download failed for 20260722_CreelmanFire_bm-s-mobo-c/1784758335_+01499.jpg: cannot identify image file <_io.BytesIO object at 0x000001DEF931A660>
  download failed for 20260722_CreelmanFire_bm-s-mobo-c/1784757735_+00899.jpg: cannot identify image file <_io.BytesIO object at 0x000001DEF931AB10>
  download failed for 20260715_ThornFire_ws-n-mobo-c/1784155800_+00898.jpg: cannot identify image file <_io.BytesIO object at 0x000001DEF931A480>
  download failed for 20260722_CreelmanFire_bm-s-mobo-c/1784757135_+00299.jpg: cannot identify image file <_io.BytesIO object at 0x000001DEF931AED0>
  download failed for 20260715_ThornFire_ws-n-mobo-c/1784157302_+02400.jpg: cannot identify image file <_io.BytesIO object at 0x000001DEF931A840>
  download failed for 20260722_CreelmanFire_cp-w-mobo-c/1784757327_+00301.jpg: cannot identify image file <_io.BytesIO object at 0x000001DEF931BDD0>
  download failed for 20260722_CreelmanFire_cp-w-mobo-c/1784759366_+02340.jpg: cannot identify image file <_io.BytesIO object at 0x000001DEF931B740>
  download failed for 20260722_CreelmanFire_cp-w-mobo-c/1784757927_+00901.jpg: cannot identify image file <_io.BytesIO object at 0x000001DEF931BC90>
  download failed for 20260722_CreelmanFire_cp-w-mobo-c/1784758527_+01501.jpg: cannot identify image file <_io.BytesIO object at 0x000001DEF931B560>
  download failed for 20260722_CreelmanFire_bm-s-mobo-c/1784759236_+02400.jpg: cannot identify image file <_io.BytesIO object at 0x000001DEF931BA10>
  download failed for 20260722_CreelmanFire_mg-s-mobo-c/1784757225_+00301.jpg: cannot identify image file <_io.BytesIO object at 0x000001DEF9325670>
  download failed for 20260722_RainbowFire_bh-w-mobo-c/1784739906_+00900.jpg: cannot identify image file <_io.BytesIO object at 0x000001DEF9325530>
  download failed for 20260722_CreelmanFire_mg-s-mobo-c/1784759323_+02399.jpg: cannot identify image file <_io.BytesIO object at 0x000001DEF9325620>
  download failed for 20260722_RainbowFire_bh-w-mobo-c/1784741406_+02400.jpg: cannot identify image file <_io.BytesIO object at 0x000001DEF93258A0>
  download failed for 20260722_CreelmanFire_mg-s-mobo-c/1784758425_+01501.jpg: cannot identify image file <_io.BytesIO object at 0x000001DEF9325670>
  download failed for 20260722_CreelmanFire_mg-s-mobo-c/1784757824_+00900.jpg: cannot identify image file <_io.BytesIO object at 0x000001DEF9325350>
  download failed for 20260722_RainbowFire_bh-w-mobo-c/1784740506_+01500.jpg: cannot identify image file <_io.BytesIO object at 0x000001DEF9326520>
  download failed for 20260722_RainbowFire_bh-w-mobo-c/1784739307_+00301.jpg: cannot identify image file <_io.BytesIO object at 0x000001DEF9326390>
  download failed for 20260722_RainbowFire_rm-e-mobo-c/1784739424_+00300.jpg: cannot identify image file <_io.BytesIO object at 0x000001DEF9327470>
  download failed for 20260807_BeaverFire_lp-w-mobo-c/1786138476_+00899.jpg: cannot identify image file <_io.BytesIO object at 0x000001DEF9327650>
  download failed for 20260722_RainbowFire_rm-e-mobo-c/1784740024_+00900.jpg: cannot identify image file <_io.BytesIO object at 0x000001DEF9327470>
  download failed for 20260807_BeaverFire_lp-w-mobo-c/1786139077_+01500.jpg: cannot identify image file <_io.BytesIO object at 0x000001DEF9327830>
  download failed for 20260722_RainbowFire_rm-e-mobo-c/1784741465_+02341.jpg: cannot identify image file <_io.BytesIO object at 0x000001DEF9327470>
  download failed for 20260722_RainbowFire_rm-e-mobo-c/1784740624_+01500.jpg: cannot identify image file <_io.BytesIO object at 0x000001DEF9326DE0>
  download failed for 20260807_BeaverFire_lp-w-mobo-c/1786137877_+00300.jpg: cannot identify image file <_io.BytesIO object at 0x000001DEF9330360>
  download failed for 20260816_SorrentoFire_sdsc-e-mobo-c/1786914432_+02399.jpg: cannot identify image file <_io.BytesIO object at 0x000001DEF9330950>
  download failed for 20260807_BeaverFire_lp-w-mobo-c/1786139977_+02400.jpg: cannot identify image file <_io.BytesIO object at 0x000001DEF93302C0>
  download failed for 20260816_SorrentoFire_sdsc-e-mobo-c/1786912333_+00300.jpg: cannot identify image file <_io.BytesIO object at 0x000001DEF93312B0>
  download failed for 20260817_Church2Fire_mlo-s-mobo-c/1787000626_+00300.jpg: cannot identify image file <_io.BytesIO object at 0x000001DEF9331490>
  download failed for 20260816_SorrentoFire_sdsc-e-mobo-c/1786912933_+00900.jpg: cannot identify image file <_io.BytesIO object at 0x000001DEF93312B0>
  download failed for 20260816_SorrentoFire_sdsc-e-mobo-c/1786913533_+01500.jpg: cannot identify image file <_io.BytesIO object at 0x000001DEF9331670>
  download failed for 20260817_Church2Fire_mlo-s-mobo-c/1787001226_+00900.jpg: cannot identify image file <_io.BytesIO object at 0x000001DEF9332390>
  download failed for 20260817_Church2Fire_mlo-s-mobo-c/1787001827_+01501.jpg: cannot identify image file <_io.BytesIO object at 0x000001DEF92A73D0>
  download failed for 20260820_ChiaFire_hp-n-mobo-c/1787253571_+00896.jpg: cannot identify image file <_io.BytesIO object at 0x000001DEF93327A0>
  download failed for 20260817_Church2Fire_mlo-s-mobo-c/1787002726_+02400.jpg: cannot identify image file <_io.BytesIO object at 0x000001DEF9332750>
  download failed for 20260820_ChiaFire_hp-n-mobo-c/1787252970_+00295.jpg: cannot identify image file <_io.BytesIO object at 0x000001DEF9332570>
  download failed for 20260820_ChiaFire_hp-n-mobo-c/1787254170_+01495.jpg: cannot identify image file <_io.BytesIO object at 0x000001DEF9333420>
  download failed for 20260820_ChiaFire_hp-n-mobo-c/1787255070_+02395.jpg: cannot identify image file <_io.BytesIO object at 0x000001DEF9333650>
  download failed for 20260909_GettyFire_wilson-w-mobo-c/1788996057_+00301.jpg: cannot identify image file <_io.BytesIO object at 0x000001DEF9333FB0>
  download failed for 20260906_BrengleFire_rm-s-mobo-c/1788704586_+00299.jpg: cannot identify image file <_io.BytesIO object at 0x000001DEF9333F60>
  download failed for 20260906_BrengleFire_rm-s-mobo-c/1788705785_+01498.jpg: cannot identify image file <_io.BytesIO object at 0x000001DEF933C1D0>
  download failed for 20260909_GettyFire_wilson-w-mobo-c/1788996659_+00903.jpg: cannot identify image file <_io.BytesIO object at 0x000001DEF933C270>
  download failed for 20260906_BrengleFire_rm-s-mobo-c/1788706686_+02399.jpg: cannot identify image file <_io.BytesIO object at 0x000001DEF933C130>
  download failed for 20260906_BrengleFire_rm-s-mobo-c/1788705185_+00898.jpg: cannot identify image file <_io.BytesIO object at 0x000001DEF933C180>
  download failed for 20260909_GettyFire_wilson-w-mobo-c/1788997257_+01501.jpg: cannot identify image file <_io.BytesIO object at 0x000001DEF933D300>
  download failed for 20260909_GettyFire_wilson-w-mobo-c/1788998156_+02400.jpg: cannot identify image file <_io.BytesIO object at 0x000001DEF933D4E0>
items: 112 | smoke 0 | no smoke 112 | sequences 28 | fires 17
stored: 11.8 MB
dates: 2026-01-28 to 2026-09-09
wrote C:\Users\yuezh\PycharmProjects\fire-bench\task-figlib\items.jsonl
